Microchip MPLAB XC8 Compiler V2.41

Linker command line:

-W-3 \
  --edf=C:\Program Files\Microchip\xc8\v2.41\pic\dat\20230208172133_en.msgs \
  -cn -h+dist/default/production\ADC_Project.production.sym \
  --cmf=dist/default/production\ADC_Project.production.cmf -z -Q18F4620 \
  -oC:\Users\MOHAME~1.MOH\AppData\Local\Temp\xcBs1eg.1\driver_tmp_3.o \
  --defsym=__MPLAB_BUILD=1 --fixupoverflow=error \
  -Mdist/default/production/ADC_Project.production.map \
  --md=C:\Users\MOHAME~1.MOH\AppData\Local\Temp\xcBs1eg.1\driver_tmp_0.dat \
  -E1 -ver=XC8 Compiler --acfsm=1493 -ACODE=00h-0FFFFh -ACONST=00h-0FFFFh \
  -ASMALLCONST=01000h-010FFhx240 -AMEDIUMCONST=01000h-0FFFFh \
  -ACOMRAM=01h-07Fh -AABS1=00h-0F7Fh -ABIGRAM=01h-0F7Fh \
  -ARAM=080h-0FFh,0100h-01FFhx14,0F00h-0F7Fh -ABANK0=080h-0FFh \
  -ABANK1=0100h-01FFh -ABANK2=0200h-02FFh -ABANK3=0300h-03FFh \
  -ABANK4=0400h-04FFh -ABANK5=0500h-05FFh -ABANK6=0600h-06FFh \
  -ABANK7=0700h-07FFh -ABANK8=0800h-08FFh -ABANK9=0900h-09FFh \
  -ABANK10=0A00h-0AFFh -ABANK11=0B00h-0BFFh -ABANK12=0C00h-0CFFh \
  -ABANK13=0D00h-0DFFh -ABANK14=0E00h-0EFFh -ABANK15=0F00h-0F7Fh \
  -ASFR=0F80h-0FFFh -ABIGSFR=0F80h-0FFFh -ACONFIG=0300000h-030000Dh \
  -AIDLOC=0200000h-0200007h -AEEDATA=0F00000h-0F003FFh -peeprom_data=EEDATA \
  -preset_vec=00h,intcode=08h,intcodelo,powerup,init -pramtop=01000h \
  -psmallconst=SMALLCONST -pmediumconst=MEDIUMCONST -pconst=CONST \
  -AFARRAM=00h-00h \
  -prdata=COMRAM,nvrram=COMRAM,nvbit=COMRAM,rbss=COMRAM,rbit=COMRAM \
  -pfarbss=FARRAM,fardata=FARRAM,nvFARRAM=FARRAM \
  -pintsave_regs=BIGRAM,bigbss=BIGRAM,bigdata=BIGRAM -pbss=RAM \
  -pidata=CODE,irdata=CODE,ibigdata=CODE,ifardata=CODE -prparam=COMRAM \
  C:\Users\MOHAME~1.MOH\AppData\Local\Temp\xcBs1eg.1\driver_tmp_9.o \
  dist/default/production\ADC_Project.production.o 

Object code version is 3.11

Machine type is 18F4620



                Name                               Link     Load   Length Selector   Space Scale
C:\Users\MOHAME~1.MOH\AppData\Local\Temp\xcBs1eg.1\driver_tmp_9.o
                idloc                            200000   200000        8        0       5
                config                           300000   300000        E        0       4
                init                                  E        E        4        4       0
                reset_vec                             0        0        4        0       0
dist/default/production\ADC_Project.production.o
                intcode                               8        8        6        4       0
                idloc                            200000   200000        8        0       5
                config                           300000   300000        E        0       4
                temp                                 7C       7C        1        1       1
                smallconst                         1000     1000       16      800       0
                text47                             2DDA     2DDA        4      80B       0
                text46                             2DD6     2DD6        4      80B       0
                text45                             2DD2     2DD2        4      80B       0
                text44                             2DCE     2DCE        4      80B       0
                text43                             2DCA     2DCA        4      80B       0
                text42                             2DC6     2DC6        4      80B       0
                text41                             2DC2     2DC2        4      80B       0
                text40                             2B8E     2B8E       3C      80B       0
                text39                             2C96     2C96       2E      80B       0
                text38                             2D66     2D66       1A      80B       0
                text37                             2D4C     2D4C       1A      80B       0
                text36                             2D32     2D32       1A      80B       0
                text35                             2D18     2D18       1A      80B       0
                text34                             2D98     2D98        C      80B       0
                text33                             2D8C     2D8C        C      80B       0
                text32                             2DA4     2DA4        8      80B       0
                text31                             2D80     2D80        C      80B       0
                text30                             2DDE     2DDE        2      80B       0
                text29                             2DBE     2DBE        4      80B       0
                intcode_body                       14D6     14D6      3F6      80B       0
                text27                             2CC4     2CC4       1E      80B       0
                text26                             2C36     2C36       32      80B       0
                text25                             1016     1016      4C0      80B       0
                text24                             18CC     18CC      39A      80B       0
                text23                             254A     254A      106      80B       0
                text22                             1C66     1C66      1B4      80B       0
                text21                             2650     2650       9A      80B       0
                text20                             2DB8     2DB8        6      80B       0
                text19                             2CE2     2CE2       1C      80B       0
                text18                             1E1A     1E1A      160      80B       0
                text17                             1F7A     1F7A      144      80B       0
                text16                             20BE     20BE      12C      80B       0
                text15                             2A58     2A58       6C      80B       0
                text14                             2C00     2C00       36      80B       0
                text13                             2AC4     2AC4       68      80B       0
                text12                             29E6     29E6       72      80B       0
                text11                             2312     2312      128      80B       0
                text10                             2BCA     2BCA       36      80B       0
                text9                              277C     277C       90      80B       0
                text8                              21EA     21EA      128      80B       0
                text7                              2CFE     2CFE       1A      80B       0
                text6                              2DB2     2DB2        6      80B       0
                text5                              280C     280C       7C      80B       0
                text4                              28FE     28FE       76      80B       0
                text3                              2888     2888       76      80B       0
                text2                              26EA     26EA       92      80B       0
                text1                              2974     2974       72      80B       0
                text0                              243A     243A      110      80B       0
                cstackCOMRAM                          1        1       48        1       1
                cstackBANK0                          D9       D9        2       80       1
                dataBANK0                            80       80       2E       80       1
                bssBANK0                             AE       AE       2B       80       1
                dataCOMRAM                           76       76        6        1       1
                bssCOMRAM                            49       49       2D        1       1
                cinit                              2B2C     2B2C       62      80B       0
                idataBANK0                         2C68     2C68       2E      80B       0
                idataCOMRAM                        2DAC     2DAC        6      80B       0

TOTAL           Name                               Link     Load   Length     Space
        CLASS   CODE           
                intcode                               8        8        6         0
                init                                  E        E        4         0
                reset_vec                             0        0        4         0
                text47                             2DDA     2DDA        4         0
                text46                             2DD6     2DD6        4         0
                text45                             2DD2     2DD2        4         0
                text44                             2DCE     2DCE        4         0
                text43                             2DCA     2DCA        4         0
                text42                             2DC6     2DC6        4         0
                text41                             2DC2     2DC2        4         0
                text40                             2B8E     2B8E       3C         0
                text39                             2C96     2C96       2E         0
                text38                             2D66     2D66       1A         0
                text37                             2D4C     2D4C       1A         0
                text36                             2D32     2D32       1A         0
                text35                             2D18     2D18       1A         0
                text34                             2D98     2D98        C         0
                text33                             2D8C     2D8C        C         0
                text32                             2DA4     2DA4        8         0
                text31                             2D80     2D80        C         0
                text30                             2DDE     2DDE        2         0
                text29                             2DBE     2DBE        4         0
                intcode_body                       14D6     14D6      3F6         0
                text27                             2CC4     2CC4       1E         0
                text26                             2C36     2C36       32         0
                text25                             1016     1016      4C0         0
                text24                             18CC     18CC      39A         0
                text23                             254A     254A      106         0
                text22                             1C66     1C66      1B4         0
                text21                             2650     2650       9A         0
                text20                             2DB8     2DB8        6         0
                text19                             2CE2     2CE2       1C         0
                text18                             1E1A     1E1A      160         0
                text17                             1F7A     1F7A      144         0
                text16                             20BE     20BE      12C         0
                text15                             2A58     2A58       6C         0
                text14                             2C00     2C00       36         0
                text13                             2AC4     2AC4       68         0
                text12                             29E6     29E6       72         0
                text11                             2312     2312      128         0
                text10                             2BCA     2BCA       36         0
                text9                              277C     277C       90         0
                text8                              21EA     21EA      128         0
                text7                              2CFE     2CFE       1A         0
                text6                              2DB2     2DB2        6         0
                text5                              280C     280C       7C         0
                text4                              28FE     28FE       76         0
                text3                              2888     2888       76         0
                text2                              26EA     26EA       92         0
                text1                              2974     2974       72         0
                text0                              243A     243A      110         0
                cinit                              2B2C     2B2C       62         0
                idataBANK0                         2C68     2C68       2E         0
                idataCOMRAM                        2DAC     2DAC        6         0

        CLASS   CONST          

        CLASS   SMALLCONST     
                smallconst                         1000     1000       16         0

        CLASS   MEDIUMCONST    

        CLASS   COMRAM         
                temp                                 7C       7C        1         1
                cstackCOMRAM                          1        1       48         1
                dataCOMRAM                           76       76        6         1
                bssCOMRAM                            49       49       2D         1

        CLASS   ABS1           

        CLASS   BIGRAM         

        CLASS   RAM            

        CLASS   BANK0          
                cstackBANK0                          D9       D9        2         1
                dataBANK0                            80       80       2E         1
                bssBANK0                             AE       AE       2B         1

        CLASS   BANK1          

        CLASS   BANK2          

        CLASS   BANK3          

        CLASS   BANK4          

        CLASS   BANK5          

        CLASS   BANK6          

        CLASS   BANK7          

        CLASS   BANK8          

        CLASS   BANK9          

        CLASS   BANK10         

        CLASS   BANK11         

        CLASS   BANK12         

        CLASS   BANK13         

        CLASS   BANK14         

        CLASS   BANK15         

        CLASS   SFR            

        CLASS   BIGSFR         

        CLASS   CONFIG         
                config                           300000   300000        E         4

        CLASS   IDLOC          
                idloc                            200000   200000        8         5

        CLASS   EEDATA         

        CLASS   FARRAM         

        CLASS   HEAP           

        CLASS   STACK          



SEGMENTS        Name                           Load    Length   Top    Selector   Space  Class

                reset_vec                      000000  000004  000004         0       0  CODE    
                cstackCOMRAM                   000001  00007C  00007D         1       1  COMRAM  
                intcode                        000008  00000A  000012         4       0  CODE    
                dataBANK0                      000080  00005B  0000DB        80       1  BANK0   
                smallconst                     001000  000016  001016       800       0  SMALLCON
                text25                         001016  001DCA  002DE0       80B       0  CODE    


UNUSED ADDRESS RANGES

        Name                Unused          Largest block    Delta
        BANK0            0000DB-0000FF               25
        BANK1            000100-0001FF              100
        BANK10           000A00-000AFF              100
        BANK11           000B00-000BFF              100
        BANK12           000C00-000CFF              100
        BANK13           000D00-000DFF              100
        BANK14           000E00-000EFF              100
        BANK15           000F00-000F7F               80
        BANK2            000200-0002FF              100
        BANK3            000300-0003FF              100
        BANK4            000400-0004FF              100
        BANK5            000500-0005FF              100
        BANK6            000600-0006FF              100
        BANK7            000700-0007FF              100
        BANK8            000800-0008FF              100
        BANK9            000900-0009FF              100
        BIGRAM           00007D-00007F                3
                         0000DB-000F7F              EA5
        BIGSFR           000F80-000FFF               80
        CODE             000004-000007                4
                         000012-000FFF              FEE
                         002DE0-00FFFF             D220
        COMRAM           00007D-00007F                3
        CONST            000004-000007                4
                         000012-000FFF              FEE
                         002DE0-00FFFF             D220
        EEDATA           F00000-F003FF              400
        MEDIUMCONST      002DE0-00FFFF             D220
        RAM              0000DB-000F7F              100
        SFR              000F80-000FFF               80
        SMALLCONST       002DE0-00FFFF              100

                                  Symbol Table

?___fladd                                                cstackCOMRAM 00002B
?___fldiv                                                cstackCOMRAM 000012
?___fltol                                                cstackCOMRAM 00003B
?___xxtofl                                               cstackCOMRAM 000004
CCP_Set_Compare_Mode_Value@F3106                         bssBANK0     0000CA
MSSP_I2C_Bus_Collision_Interrupt_Configurations@_i2c     cstackCOMRAM 000004
MSSP_I2C_Initialize@_i2c                                 cstackBANK0  0000D9
MSSP_I2C_Initialize@ret                                  cstackCOMRAM 000048
MSSP_I2C_Interrupt_Configurations@_i2c                   cstackCOMRAM 000004
MSSP_I2C_Master_Mode_Clock_Configurations@_i2c           cstackCOMRAM 000045
MSSP_I2C_Slave_Mode_Configurations@_i2c                  cstackCOMRAM 000004
RB4_ISR@RB4_Source                                       cstackCOMRAM 000001
RB5_ISR@RB5_Source                                       cstackCOMRAM 000001
RB6_ISR@RB6_Source                                       cstackCOMRAM 000001
RB7_ISR@RB7_Source                                       cstackCOMRAM 000001
_ADCON0bits                                              (abs)        000FC2
_ADCON1bits                                              (abs)        000FC1
_ADCON2bits                                              (abs)        000FC0
_ADC_ISR                                                 text47       002DDA
_ADC_InterruptHandler                                    bssCOMRAM    000069
_ADRESH                                                  (abs)        000FC4
_ADRESL                                                  (abs)        000FC3
_BAUDCONbits                                             (abs)        000FB8
_CCP1CONbits                                             (abs)        000FBD
_CCP1_ISR                                                text46       002DD6
_CCP1_InterruptHandler                                   bssCOMRAM    000067
_CCP2CONbits                                             (abs)        000FBA
_CCP2_ISR                                                text45       002DD2
_CCP2_InterruptHandler                                   bssCOMRAM    000065
_CCPR1H                                                  (abs)        000FBF
_CCPR1L                                                  (abs)        000FBE
_CCPR2H                                                  (abs)        000FBC
_CCPR2L                                                  (abs)        000FBB
_EEADR                                                   (abs)        000FA9
_EEADRH                                                  (abs)        000FAA
_EECON1bits                                              (abs)        000FA6
_EECON2                                                  (abs)        000FA7
_EEDATA                                                  (abs)        000FA8
_I2C_DefaultInterruptHandler                             text40       002B8E
_INT0_ISR                                                text44       002DCE
_INT0_InterruptHandler                                   bssCOMRAM    00005F
_INT1_ISR                                                text43       002DCA
_INT1_InterruptHandler                                   bssCOMRAM    00005D
_INT2_ISR                                                text42       002DC6
_INT2_InterruptHandler                                   bssCOMRAM    00005B
_INTCON2bits                                             (abs)        000FF1
_INTCON3bits                                             (abs)        000FF0
_INTCONbits                                              (abs)        000FF2
_InterruptManager                                        intcode      000008
_LATA                                                    (abs)        000F89
_LATB                                                    (abs)        000F8A
_LATC                                                    (abs)        000F8B
_LATD                                                    (abs)        000F8C
_LATE                                                    (abs)        000F8D
_MSSP_I2C_BC_ISR                                         text41       002DC2
_MSSP_I2C_Bus_Collision_Interrupt_Configurations         text27       002CC4
_MSSP_I2C_DefaultInterruptHandler                        bssCOMRAM    000063
_MSSP_I2C_ISR                                            text39       002C96
_MSSP_I2C_Initialize                                     text18       001E1A
_MSSP_I2C_Interrupt_Configurations                       text26       002C36
_MSSP_I2C_Master_Mode_Clock_Configurations               text21       002650
_MSSP_I2C_Mode_GPIO_CFG                                  text20       002DB8
_MSSP_I2C_Report_Receive_Overflow_InterruptHandler       bssBANK0     0000C8
_MSSP_I2C_Report_Write_Collision_InterruptHandler        bssCOMRAM    000061
_MSSP_I2C_Slave_Mode_Configurations                      text19       002CE2
_PIE1bits                                                (abs)        000F9D
_PIE2bits                                                (abs)        000FA0
_PIR1bits                                                (abs)        000F9E
_PIR2bits                                                (abs)        000FA1
_PORTA                                                   (abs)        000F80
_PORTB                                                   (abs)        000F81
_PORTBbits                                               (abs)        000F81
_PORTC                                                   (abs)        000F82
_PORTD                                                   (abs)        000F83
_PORTE                                                   (abs)        000F84
_RB4_Flag                                                dataCOMRAM   000079
_RB4_ISR                                                 text38       002D66
_RB4_InterruptHandler_HIGH                               bssCOMRAM    000059
_RB4_InterruptHandler_LOW                                bssCOMRAM    000057
_RB5_Flag                                                dataCOMRAM   000078
_RB5_ISR                                                 text37       002D4C
_RB5_InterruptHandler_HIGH                               bssCOMRAM    000055
_RB5_InterruptHandler_LOW                                bssCOMRAM    000053
_RB6_Flag                                                dataCOMRAM   000077
_RB6_ISR                                                 text36       002D32
_RB6_InterruptHandler_HIGH                               bssCOMRAM    000051
_RB6_InterruptHandler_LOW                                bssCOMRAM    00004F
_RB7_Flag                                                dataCOMRAM   000076
_RB7_ISR                                                 text35       002D18
_RB7_InterruptHandler_HIGH                               bssBANK0     0000C6
_RB7_InterruptHandler_LOW                                bssBANK0     0000C4
_RCREG                                                   (abs)        000FAE
_RCSTAbits                                               (abs)        000FAB
_SPBRG                                                   (abs)        000FAF
_SPBRGH                                                  (abs)        000FB0
_SSPADD                                                  (abs)        000FC8
_SSPBUF                                                  (abs)        000FC9
_SSPCON1bits                                             (abs)        000FC6
_SSPCON2bits                                             (abs)        000FC5
_SSPSTATbits                                             (abs)        000FC7
_T0CONbits                                               (abs)        000FD5
_T1CONbits                                               (abs)        000FCD
_T2CONbits                                               (abs)        000FCA
_T3CONbits                                               (abs)        000FB1
_TMR0H                                                   (abs)        000FD7
_TMR0L                                                   (abs)        000FD6
_TMR0_ISR                                                text34       002D98
_TMR0_InterruptHandler                                   bssBANK0     0000C2
_TMR1H                                                   (abs)        000FCF
_TMR1L                                                   (abs)        000FCE
_TMR1_ISR                                                text33       002D8C
_TMR1_InterruptHandler                                   bssBANK0     0000C0
_TMR2                                                    (abs)        000FCC
_TMR2_ISR                                                text32       002DA4
_TMR2_InterruptHandler                                   bssBANK0     0000BE
_TMR3H                                                   (abs)        000FB3
_TMR3L                                                   (abs)        000FB2
_TMR3_ISR                                                text31       002D80
_TMR3_InterruptHandler                                   bssBANK0     0000BC
_TRISA                                                   (abs)        000F92
_TRISB                                                   (abs)        000F93
_TRISC                                                   (abs)        000F94
_TRISCbits                                               (abs)        000F94
_TRISD                                                   (abs)        000F95
_TRISE                                                   (abs)        000F96
_TXREG                                                   (abs)        000FAD
_TXSTAbits                                               (abs)        000FAC
_USART_FramingErrorHandler                               bssBANK0     0000B6
_USART_OverrunErrorHandler                               bssBANK0     0000B4
_USART_RX_ISR                                            text30       002DDE
_USART_RxDefaultInterruptHandler                         bssBANK0     0000B8
_USART_TX_ISR                                            text29       002DBE
_USART_TxDefaultInterruptHandler                         bssBANK0     0000BA
__HRAM                                                   (abs)        000000
__H__absolute__                                          __absolute__ 000000
__Habs1                                                  abs1         000000
__Hbank0                                                 bank0        000000
__Hbank1                                                 bank1        000000
__Hbank10                                                bank10       000000
__Hbank11                                                bank11       000000
__Hbank12                                                bank12       000000
__Hbank13                                                bank13       000000
__Hbank14                                                bank14       000000
__Hbank15                                                bank15       000000
__Hbank2                                                 bank2        000000
__Hbank3                                                 bank3        000000
__Hbank4                                                 bank4        000000
__Hbank5                                                 bank5        000000
__Hbank6                                                 bank6        000000
__Hbank7                                                 bank7        000000
__Hbank8                                                 bank8        000000
__Hbank9                                                 bank9        000000
__Hbigbss                                                bigbss       000000
__Hbigdata                                               bigdata      000000
__Hbigram                                                bigram       000000
__Hbigsfr                                                bigsfr       000000
__Hbss                                                   bss          000000
__HbssBANK0                                              bssBANK0     000000
__HbssCOMRAM                                             bssCOMRAM    000000
__Hcinit                                                 cinit        000000
__Hclrtext                                               clrtext      000000
__Hcomram                                                comram       000000
__Hconfig                                                config       30000E
__Hconst                                                 const        000000
__HcstackBANK0                                           cstackBANK0  000000
__HcstackCOMRAM                                          cstackCOMRAM 000000
__Hdata                                                  data         000000
__HdataBANK0                                             dataBANK0    000000
__HdataCOMRAM                                            dataCOMRAM   000000
__Heeprom_data                                           eeprom_data  000000
__Hfarbss                                                farbss       000000
__Hfardata                                               fardata      000000
__Hheap                                                  heap         000000
__Hibigdata                                              ibigdata     000000
__Hidata                                                 idata        000000
__HidataBANK0                                            idataBANK0   000000
__HidataCOMRAM                                           idataCOMRAM  000000
__Hidloc                                                 idloc        200008
__Hifardata                                              ifardata     000000
__Hinit                                                  init         000012
__Hintcode                                               intcode      00000E
__Hintcode_body                                          intcode_body 000000
__Hintcodelo                                             intcodelo    00000E
__Hintentry                                              intentry     000000
__Hintret                                                intret       000000
__Hintsave_regs                                          intsave_regs 000000
__Hirdata                                                irdata       000000
__Hmediumconst                                           mediumconst  000000
__HnvFARRAM                                              nvFARRAM     000000
__Hnvbit                                                 nvbit        000000
__Hnvrram                                                nvrram       000000
__Hparam                                                 rparam       000000
__Hpowerup                                               powerup      00000E
__Hram                                                   ram          000000
__Hramtop                                                ramtop       001000
__Hrbit                                                  rbit         000000
__Hrbss                                                  rbss         000000
__Hrdata                                                 rdata        000000
__Hreset_vec                                             reset_vec    000004
__Hrparam                                                rparam       000000
__Hsfr                                                   sfr          000000
__Hsmallconst                                            smallconst   001016
__Hspace_0                                               (abs)        002DE0
__Hspace_1                                               (abs)        0000DB
__Hspace_2                                               (abs)        000000
__Hspace_4                                               (abs)        60000E
__Hstack                                                 stack        000000
__Hstruct                                                struct       000000
__Htemp                                                  temp         00007D
__Htext                                                  text         000000
__Htext0                                                 text0        000000
__Htext1                                                 text1        000000
__Htext10                                                text10       000000
__Htext11                                                text11       000000
__Htext12                                                text12       000000
__Htext13                                                text13       000000
__Htext14                                                text14       000000
__Htext15                                                text15       000000
__Htext16                                                text16       000000
__Htext17                                                text17       000000
__Htext18                                                text18       000000
__Htext19                                                text19       000000
__Htext2                                                 text2        000000
__Htext20                                                text20       000000
__Htext21                                                text21       000000
__Htext22                                                text22       000000
__Htext23                                                text23       000000
__Htext24                                                text24       000000
__Htext25                                                text25       000000
__Htext26                                                text26       000000
__Htext27                                                text27       000000
__Htext29                                                text29       000000
__Htext3                                                 text3        000000
__Htext30                                                text30       000000
__Htext31                                                text31       000000
__Htext32                                                text32       000000
__Htext33                                                text33       000000
__Htext34                                                text34       000000
__Htext35                                                text35       000000
__Htext36                                                text36       000000
__Htext37                                                text37       000000
__Htext38                                                text38       000000
__Htext39                                                text39       000000
__Htext4                                                 text4        000000
__Htext40                                                text40       000000
__Htext41                                                text41       000000
__Htext42                                                text42       000000
__Htext43                                                text43       000000
__Htext44                                                text44       000000
__Htext45                                                text45       000000
__Htext46                                                text46       000000
__Htext47                                                text47       000000
__Htext48                                                text48       000000
__Htext5                                                 text5        000000
__Htext6                                                 text6        000000
__Htext7                                                 text7        000000
__Htext8                                                 text8        000000
__Htext9                                                 text9        000000
__LRAM                                                   (abs)        000001
__L__absolute__                                          __absolute__ 000000
__Labs1                                                  abs1         000000
__Lbank0                                                 bank0        000000
__Lbank1                                                 bank1        000000
__Lbank10                                                bank10       000000
__Lbank11                                                bank11       000000
__Lbank12                                                bank12       000000
__Lbank13                                                bank13       000000
__Lbank14                                                bank14       000000
__Lbank15                                                bank15       000000
__Lbank2                                                 bank2        000000
__Lbank3                                                 bank3        000000
__Lbank4                                                 bank4        000000
__Lbank5                                                 bank5        000000
__Lbank6                                                 bank6        000000
__Lbank7                                                 bank7        000000
__Lbank8                                                 bank8        000000
__Lbank9                                                 bank9        000000
__Lbigbss                                                bigbss       000000
__Lbigdata                                               bigdata      000000
__Lbigram                                                bigram       000000
__Lbigsfr                                                bigsfr       000000
__Lbss                                                   bss          000000
__LbssBANK0                                              bssBANK0     000000
__LbssCOMRAM                                             bssCOMRAM    000000
__Lcinit                                                 cinit        000000
__Lclrtext                                               clrtext      000000
__Lcomram                                                comram       000000
__Lconfig                                                config       000000
__Lconst                                                 const        000000
__LcstackBANK0                                           cstackBANK0  000000
__LcstackCOMRAM                                          cstackCOMRAM 000000
__Ldata                                                  data         000000
__LdataBANK0                                             dataBANK0    000000
__LdataCOMRAM                                            dataCOMRAM   000000
__Leeprom_data                                           eeprom_data  000000
__Lfarbss                                                farbss       000000
__Lfardata                                               fardata      000000
__Lheap                                                  heap         000000
__Libigdata                                              ibigdata     000000
__Lidata                                                 idata        000000
__LidataBANK0                                            idataBANK0   000000
__LidataCOMRAM                                           idataCOMRAM  000000
__Lidloc                                                 idloc        000000
__Lifardata                                              ifardata     000000
__Linit                                                  init         00000E
__Lintcode                                               intcode      000008
__Lintcode_body                                          intcode_body 000000
__Lintcodelo                                             intcodelo    00000E
__Lintentry                                              intentry     000000
__Lintret                                                intret       000000
__Lintsave_regs                                          intsave_regs 000000
__Lirdata                                                irdata       000000
__Lmediumconst                                           mediumconst  000000
__LnvFARRAM                                              nvFARRAM     000000
__Lnvbit                                                 nvbit        000000
__Lnvrram                                                nvrram       000000
__Lparam                                                 rparam       000000
__Lpowerup                                               powerup      00000E
__Lram                                                   ram          000000
__Lramtop                                                ramtop       001000
__Lrbit                                                  rbit         000000
__Lrbss                                                  rbss         000000
__Lrdata                                                 rdata        000000
__Lreset_vec                                             reset_vec    000000
__Lrparam                                                rparam       000000
__Lsfr                                                   sfr          000000
__Lsmallconst                                            smallconst   001000
__Lspace_0                                               (abs)        000000
__Lspace_1                                               (abs)        000000
__Lspace_2                                               (abs)        000000
__Lspace_4                                               (abs)        000000
__Lstack                                                 stack        000000
__Lstruct                                                struct       000000
__Ltemp                                                  temp         00007C
__Ltext                                                  text         000000
__Ltext0                                                 text0        000000
__Ltext1                                                 text1        000000
__Ltext10                                                text10       000000
__Ltext11                                                text11       000000
__Ltext12                                                text12       000000
__Ltext13                                                text13       000000
__Ltext14                                                text14       000000
__Ltext15                                                text15       000000
__Ltext16                                                text16       000000
__Ltext17                                                text17       000000
__Ltext18                                                text18       000000
__Ltext19                                                text19       000000
__Ltext2                                                 text2        000000
__Ltext20                                                text20       000000
__Ltext21                                                text21       000000
__Ltext22                                                text22       000000
__Ltext23                                                text23       000000
__Ltext24                                                text24       000000
__Ltext25                                                text25       000000
__Ltext26                                                text26       000000
__Ltext27                                                text27       000000
__Ltext29                                                text29       000000
__Ltext3                                                 text3        000000
__Ltext30                                                text30       000000
__Ltext31                                                text31       000000
__Ltext32                                                text32       000000
__Ltext33                                                text33       000000
__Ltext34                                                text34       000000
__Ltext35                                                text35       000000
__Ltext36                                                text36       000000
__Ltext37                                                text37       000000
__Ltext38                                                text38       000000
__Ltext39                                                text39       000000
__Ltext4                                                 text4        000000
__Ltext40                                                text40       000000
__Ltext41                                                text41       000000
__Ltext42                                                text42       000000
__Ltext43                                                text43       000000
__Ltext44                                                text44       000000
__Ltext45                                                text45       000000
__Ltext46                                                text46       000000
__Ltext47                                                text47       000000
__Ltext48                                                text48       000000
__Ltext5                                                 text5        000000
__Ltext6                                                 text6        000000
__Ltext7                                                 text7        000000
__Ltext8                                                 text8        000000
__Ltext9                                                 text9        000000
__S0                                                     (abs)        002DE0
__S1                                                     (abs)        0000DB
__S4                                                     (abs)        000000
__S5                                                     (abs)        000000
___fladd                                                 text25       001016
___fladd@a                                               cstackCOMRAM 00002F
___fladd@aexp                                            cstackCOMRAM 000038
___fladd@b                                               cstackCOMRAM 00002B
___fladd@bexp                                            cstackCOMRAM 000039
___fladd@grs                                             cstackCOMRAM 00003A
___fladd@signs                                           cstackCOMRAM 000037
___fldiv                                                 text24       0018CC
___fldiv@a                                               cstackCOMRAM 000016
___fldiv@aexp                                            cstackCOMRAM 00002A
___fldiv@b                                               cstackCOMRAM 000012
___fldiv@bexp                                            cstackCOMRAM 000029
___fldiv@grs                                             cstackCOMRAM 000025
___fldiv@new_exp                                         cstackCOMRAM 000023
___fldiv@rem                                             cstackCOMRAM 00001E
___fldiv@sign                                            cstackCOMRAM 000022
___fltol                                                 text23       00254A
___fltol@exp1                                            cstackCOMRAM 000044
___fltol@f1                                              cstackCOMRAM 00003B
___fltol@sign1                                           cstackCOMRAM 000043
___heap_hi                                               (abs)        000000
___heap_lo                                               (abs)        000000
___inthi_sp                                              stack        000000
___intlo_sp                                              stack        000000
___param_bank                                            (abs)        000000
___rparam_used                                           (abs)        000001
___sp                                                    stack        000000
___xxtofl                                                text22       001C66
___xxtofl@arg                                            cstackCOMRAM 00000E
___xxtofl@exp                                            cstackCOMRAM 00000D
___xxtofl@sign                                           cstackCOMRAM 00000C
___xxtofl@val                                            cstackCOMRAM 000004
__accesstop                                              (abs)        000080
__activetblptr                                           (abs)        000003
__end_of_ADC_ISR                                         text47       002DDE
__end_of_CCP1_ISR                                        text46       002DDA
__end_of_CCP2_ISR                                        text45       002DD6
__end_of_I2C_DefaultInterruptHandler                     text40       002BCA
__end_of_INT0_ISR                                        text44       002DD2
__end_of_INT1_ISR                                        text43       002DCE
__end_of_INT2_ISR                                        text42       002DCA
__end_of_InterruptManager                                intcode_body 0018CC
__end_of_MSSP_I2C_BC_ISR                                 text41       002DC6
__end_of_MSSP_I2C_Bus_Collision_Interrupt_Configurations text27       002CE2
__end_of_MSSP_I2C_ISR                                    text39       002CC4
__end_of_MSSP_I2C_Initialize                             text18       001F7A
__end_of_MSSP_I2C_Interrupt_Configurations               text26       002C68
__end_of_MSSP_I2C_Master_Mode_Clock_Configurations       text21       0026EA
__end_of_MSSP_I2C_Mode_GPIO_CFG                          text20       002DBE
__end_of_MSSP_I2C_Slave_Mode_Configurations              text19       002CFE
__end_of_RB4_ISR                                         text38       002D80
__end_of_RB5_ISR                                         text37       002D66
__end_of_RB6_ISR                                         text36       002D4C
__end_of_RB7_ISR                                         text35       002D32
__end_of_TMR0_ISR                                        text34       002DA4
__end_of_TMR1_ISR                                        text33       002D98
__end_of_TMR2_ISR                                        text32       002DAC
__end_of_TMR3_ISR                                        text31       002D8C
__end_of_USART_RX_ISR                                    text30       002DE0
__end_of_USART_TX_ISR                                    text29       002DC2
__end_of___fladd                                         text25       0014D6
__end_of___fldiv                                         text24       001C66
__end_of___fltol                                         text23       002650
__end_of___xxtofl                                        text22       001E1A
__end_of__initialization                                 cinit        002B84
__end_of_application_intialize                           text6        002DB8
__end_of_btn_values                                      smallconst   001011
__end_of_ecu_layer_intialize                             text7        002D18
__end_of_gpio_pin_direction_intialize                    text17       0020BE
__end_of_gpio_pin_intialize                              text15       002AC4
__end_of_gpio_pin_toggle_logic                           text2        00277C
__end_of_gpio_pin_write_logic                            text16       0021EA
__end_of_lcd_4bit_intialize                              text11       00243A
__end_of_lcd_4bit_send_command                           text12       002A58
__end_of_lcd_4bit_send_enable_signal                     text14       002C36
__end_of_lcd_8bit_intialize                              text8        002312
__end_of_lcd_8bit_send_command                           text9        00280C
__end_of_lcd_8bit_send_enable_signal                     text10       002C00
__end_of_lcd_send_4bits                                  text13       002B2C
__end_of_led_initialize                                  text5        002888
__end_of_led_turn_off                                    text4        002974
__end_of_led_turn_on                                     text3        0028FE
__end_of_led_turn_toggle                                 text1        0029E6
__end_of_main                                            text0        00254A
__initialization                                         cinit        002B2C
__mediumconst                                            mediumconst  000000
__pbssBANK0                                              bssBANK0     0000AE
__pbssCOMRAM                                             bssCOMRAM    000049
__pcinit                                                 cinit        002B2C
__pcstackBANK0                                           cstackBANK0  0000D9
__pcstackCOMRAM                                          cstackCOMRAM 000001
__pdataBANK0                                             dataBANK0    000080
__pdataCOMRAM                                            dataCOMRAM   000076
__pidataBANK0                                            idataBANK0   002C68
__pidataCOMRAM                                           idataCOMRAM  002DAC
__pintcode                                               intcode      000008
__pintcode_body                                          intcode_body 0014D6
__psmallconst                                            smallconst   001000
__ptext0                                                 text0        00243A
__ptext1                                                 text1        002974
__ptext10                                                text10       002BCA
__ptext11                                                text11       002312
__ptext12                                                text12       0029E6
__ptext13                                                text13       002AC4
__ptext14                                                text14       002C00
__ptext15                                                text15       002A58
__ptext16                                                text16       0020BE
__ptext17                                                text17       001F7A
__ptext18                                                text18       001E1A
__ptext19                                                text19       002CE2
__ptext2                                                 text2        0026EA
__ptext20                                                text20       002DB8
__ptext21                                                text21       002650
__ptext22                                                text22       001C66
__ptext23                                                text23       00254A
__ptext24                                                text24       0018CC
__ptext25                                                text25       001016
__ptext26                                                text26       002C36
__ptext27                                                text27       002CC4
__ptext29                                                text29       002DBE
__ptext3                                                 text3        002888
__ptext30                                                text30       002DDE
__ptext31                                                text31       002D80
__ptext32                                                text32       002DA4
__ptext33                                                text33       002D8C
__ptext34                                                text34       002D98
__ptext35                                                text35       002D18
__ptext36                                                text36       002D32
__ptext37                                                text37       002D4C
__ptext38                                                text38       002D66
__ptext39                                                text39       002C96
__ptext4                                                 text4        0028FE
__ptext40                                                text40       002B8E
__ptext41                                                text41       002DC2
__ptext42                                                text42       002DC6
__ptext43                                                text43       002DCA
__ptext44                                                text44       002DCE
__ptext45                                                text45       002DD2
__ptext46                                                text46       002DD6
__ptext47                                                text47       002DDA
__ptext48                                                text48       000000
__ptext5                                                 text5        00280C
__ptext6                                                 text6        002DB2
__ptext7                                                 text7        002CFE
__ptext8                                                 text8        0021EA
__ptext9                                                 text9        00277C
__ramtop                                                 ramtop       001000
__smallconst                                             smallconst   001000
_application_intialize                                   text6        002DB2
_btn_values                                              smallconst   001001
_ecu_layer_intialize                                     text7        002CFE
_gpio_pin_direction_intialize                            text17       001F7A
_gpio_pin_intialize                                      text15       002A58
_gpio_pin_toggle_logic                                   text2        0026EA
_gpio_pin_write_logic                                    text16       0020BE
_lat_registers                                           dataBANK0    00008A
_lcd_1                                                   dataBANK0    0000A8
_lcd_2                                                   dataBANK0    00009E
_lcd_4bit_intialize                                      text11       002312
_lcd_4bit_send_command                                   text12       0029E6
_lcd_4bit_send_enable_signal                             text14       002C00
_lcd_8bit_intialize                                      text8        0021EA
_lcd_8bit_send_command                                   text9        00277C
_lcd_8bit_send_enable_signal                             text10       002BCA
_lcd_send_4bits                                          text13       002AC4
_led1                                                    dataCOMRAM   00007B
_led2                                                    dataCOMRAM   00007A
_led_initialize                                          text5        00280C
_led_turn_off                                            text4        0028FE
_led_turn_on                                             text3        002888
_led_turn_toggle                                         text1        002974
_main                                                    text0        00243A
_mssp_i2c_obj                                            bssBANK0     0000CC
_mssp_i2c_slave1_recieve_counter                         bssCOMRAM    00006C
_mssp_i2c_slave1_recieve_data                            bssCOMRAM    00006B
_port_registers                                          dataBANK0    000080
_slave_ack                                               bssCOMRAM    00006D
_timer0_preload                                          bssCOMRAM    00004D
_timer1_preload                                          bssCOMRAM    00004B
_timer2_preload                                          bssCOMRAM    00006E
_timer3_preload                                          bssCOMRAM    000049
_tris_registers                                          dataBANK0    000094
btemp                                                    temp         00007C
end_of_initialization                                    cinit        002B84
gpio_pin_direction_intialize@_pin_config                 cstackCOMRAM 000004
gpio_pin_direction_intialize@ret                         cstackCOMRAM 00000C
gpio_pin_intialize@_pin_config                           cstackCOMRAM 00000E
gpio_pin_intialize@ret                                   cstackCOMRAM 000011
gpio_pin_toggle_logic@_pin_config                        cstackCOMRAM 000004
gpio_pin_write_logic@_pin_config                         cstackCOMRAM 000004
gpio_pin_write_logic@logic                               cstackCOMRAM 000006
gpio_pin_write_logic@ret                                 cstackCOMRAM 00000D
int$flags                                                temp         00007C
int_func                                                 intcode_body 0014D6
intlevel0                                                text         000000
intlevel1                                                text         000000
intlevel2                                                text         000000
intlevel3                                                text         000000
isa$std                                                  (abs)        000001
isa$xinst                                                (abs)        000000
lcd_4bit_intialize@l_data_pins_counter                   cstackCOMRAM 00001A
lcd_4bit_intialize@lcd                                   cstackCOMRAM 000016
lcd_4bit_intialize@ret                                   cstackCOMRAM 00001B
lcd_4bit_send_command@command                            cstackCOMRAM 000014
lcd_4bit_send_command@lcd                                cstackCOMRAM 000012
lcd_4bit_send_command@ret                                cstackCOMRAM 000015
lcd_4bit_send_enable_signal@lcd                          cstackCOMRAM 00000E
lcd_4bit_send_enable_signal@ret                          cstackCOMRAM 000010
lcd_8bit_intialize@l_data_pins_counter                   cstackCOMRAM 00001E
lcd_8bit_intialize@lcd                                   cstackCOMRAM 00001A
lcd_8bit_intialize@ret                                   cstackCOMRAM 00001F
lcd_8bit_send_command@command                            cstackCOMRAM 000013
lcd_8bit_send_command@l_pin_counter                      cstackCOMRAM 000019
lcd_8bit_send_command@lcd                                cstackCOMRAM 000011
lcd_8bit_send_command@ret                                cstackCOMRAM 000018
lcd_8bit_send_enable_signal@lcd                          cstackCOMRAM 00000E
lcd_8bit_send_enable_signal@ret                          cstackCOMRAM 000010
lcd_send_4bits@_data_command                             cstackCOMRAM 000010
lcd_send_4bits@lcd                                       cstackCOMRAM 00000E
lcd_send_4bits@ret                                       cstackCOMRAM 000011
led_initialize@F3048                                     bssCOMRAM    000075
led_initialize@led                                       cstackCOMRAM 000012
led_initialize@pin_obj                                   cstackCOMRAM 000016
led_initialize@ret                                       cstackCOMRAM 000015
led_turn_off@F3058                                       bssCOMRAM    000073
led_turn_off@led                                         cstackCOMRAM 00000E
led_turn_off@pin_obj                                     cstackCOMRAM 000011
led_turn_on@F3053                                        bssCOMRAM    000074
led_turn_on@led                                          cstackCOMRAM 00000E
led_turn_on@pin_obj                                      cstackCOMRAM 000011
led_turn_toggle@F3063                                    bssCOMRAM    000072
led_turn_toggle@led                                      cstackCOMRAM 00000B
led_turn_toggle@pin_obj                                  cstackCOMRAM 00000E
relay_initialize@F3042                                   bssCOMRAM    000071
relay_turn_off@F3052                                     bssCOMRAM    00006F
relay_turn_on@F3047                                      bssCOMRAM    000070
stackhi                                                  (abs)        000000
stacklo                                                  (abs)        000000
start                                                    init         00000E
start_initialization                                     cinit        002B2C
ttemp5                                                   temp         00007D
ttemp6                                                   temp         000080
ttemp7                                                   temp         000084
wtemp8                                                   temp         00007D


MODULE INFORMATION

Module		Function		Class		Link	Load	Size
C:\Program Files\Microchip\xc8\v2.41\pic\sources\c99\common\fltol.c
		___fltol       		CODE           	254A	0000	262

C:\Program Files\Microchip\xc8\v2.41\pic\sources\c99\common\fltol.c estimated size: 262

C:\Program Files\Microchip\xc8\v2.41\pic\sources\c99\common\xxtofl.c
		___xxtofl      		CODE           	1C66	0000	436

C:\Program Files\Microchip\xc8\v2.41\pic\sources\c99\common\xxtofl.c estimated size: 436

C:\Program Files\Microchip\xc8\v2.41\pic\sources\c99\common\sprcadd.c
		___fladd       		CODE           	1016	0000	1216

C:\Program Files\Microchip\xc8\v2.41\pic\sources\c99\common\sprcadd.c estimated size: 1216

ECU_Layer/Chr_LCD/ecu_chr_lcd.c
		_lcd_8bit_intialize		CODE           	21EA	0000	296
		_lcd_8bit_send_enable_signal		CODE           	2BCA	0000	54
		_lcd_4bit_send_command		CODE           	29E6	0000	114
		_lcd_send_4bits		CODE           	2AC4	0000	104
		_lcd_4bit_intialize		CODE           	2312	0000	296
		_lcd_4bit_send_enable_signal		CODE           	2C00	0000	54
		_lcd_8bit_send_command		CODE           	277C	0000	144

ECU_Layer/Chr_LCD/ecu_chr_lcd.c estimated size: 1062

MCAL_Layer/I2C/hal_i2c.c
		_MSSP_I2C_ISR  		CODE           	2C96	0000	46
		_MSSP_I2C_Initialize		CODE           	1E1A	0000	352
		_MSSP_I2C_Interrupt_Configurations		CODE           	2C36	0000	50
		_MSSP_I2C_Master_Mode_Clock_Configurations		CODE           	2650	0000	154
		_MSSP_I2C_BC_ISR		CODE           	2DC2	0000	4
		_MSSP_I2C_Mode_GPIO_CFG		CODE           	2DB8	0000	6
		_MSSP_I2C_Bus_Collision_Interrupt_Configurations		CODE           	2CC4	0000	30
		_MSSP_I2C_Slave_Mode_Configurations		CODE           	2CE2	0000	28

MCAL_Layer/I2C/hal_i2c.c estimated size: 670

shared
		_btn_values    		SMALLCONST     	1001	0000	16
		__initialization		CODE           	2B2C	0000	88

shared estimated size: 104

MCAL_Layer/Interrupt/mcal_external_interrupt.c
		_RB4_ISR       		CODE           	2D66	0000	26
		_RB5_ISR       		CODE           	2D4C	0000	26
		_RB6_ISR       		CODE           	2D32	0000	26
		_RB7_ISR       		CODE           	2D18	0000	26
		_INT0_ISR      		CODE           	2DCE	0000	4
		_INT1_ISR      		CODE           	2DCA	0000	4
		_INT2_ISR      		CODE           	2DC6	0000	4

MCAL_Layer/Interrupt/mcal_external_interrupt.c estimated size: 116

MCAL_Layer/ADC/hal_adc.c
		_ADC_ISR       		CODE           	2DDA	0000	4

MCAL_Layer/ADC/hal_adc.c estimated size: 4

MCAL_Layer/Interrupt/mcal_interrupt_manager.c
		_InterruptManager		CODE           	0008	0000	1020

MCAL_Layer/Interrupt/mcal_interrupt_manager.c estimated size: 1020

MCAL_Layer/GPIO/hal_gpio.c
		_gpio_pin_write_logic		CODE           	20BE	0000	300
		_gpio_pin_intialize		CODE           	2A58	0000	108
		_gpio_pin_direction_intialize		CODE           	1F7A	0000	324
		_gpio_pin_toggle_logic		CODE           	26EA	0000	146

MCAL_Layer/GPIO/hal_gpio.c estimated size: 878

MCAL_Layer/USART/hal_usart.c
		_USART_RX_ISR  		CODE           	2DDE	0000	2
		_USART_TX_ISR  		CODE           	2DBE	0000	4

MCAL_Layer/USART/hal_usart.c estimated size: 6

ECU_Layer/LED/ecu_led.c
		_led_turn_toggle		CODE           	2974	0000	114
		_led_initialize		CODE           	280C	0000	124
		_led_turn_on   		CODE           	2888	0000	118
		_led_turn_off  		CODE           	28FE	0000	118

ECU_Layer/LED/ecu_led.c estimated size: 474

ECU_Layer/ecu_layer_init.c
		_ecu_layer_intialize		CODE           	2CFE	0000	26

ECU_Layer/ecu_layer_init.c estimated size: 26

application.c
		_main          		CODE           	243A	0000	272
		_application_intialize		CODE           	2DB2	0000	6
		_I2C_DefaultInterruptHandler		CODE           	2B8E	0000	60

application.c estimated size: 338

MCAL_Layer/Timer3/hal_timer3.c
		_TMR3_ISR      		CODE           	2D80	0000	12

MCAL_Layer/Timer3/hal_timer3.c estimated size: 12

MCAL_Layer/Timer2/hal_timer2.c
		_TMR2_ISR      		CODE           	2DA4	0000	8

MCAL_Layer/Timer2/hal_timer2.c estimated size: 8

MCAL_Layer/Timer1/hal_timer1.c
		_TMR1_ISR      		CODE           	2D8C	0000	12

MCAL_Layer/Timer1/hal_timer1.c estimated size: 12

MCAL_Layer/Timer0/hal_timer0.c
		_TMR0_ISR      		CODE           	2D98	0000	12

MCAL_Layer/Timer0/hal_timer0.c estimated size: 12

MCAL_Layer/CCP/hal_ccp.c
		_CCP1_ISR      		CODE           	2DD6	0000	4
		_CCP2_ISR      		CODE           	2DD2	0000	4

MCAL_Layer/CCP/hal_ccp.c estimated size: 8

C:\Program Files\Microchip\xc8\v2.41\pic\sources\c99\common\sprcdiv.c
		___fldiv       		CODE           	18CC	0000	922

C:\Program Files\Microchip\xc8\v2.41\pic\sources\c99\common\sprcdiv.c estimated size: 922

